
Running 8 tests using 1 worker

📦 Testing with file: bugreport-caiman-BP3A.250905.014-2025-09-24-10-26-57.zip (16.21 MB)
✅ File loaded in 8760ms (threshold: 30000ms)
📊 Rendered 76 log lines
📄 Current file: File: bugreport-caiman-BP3A.250905.014-2025-09-24-10-26-57.zip
  ✓  1 [chromium] › tests/integration/performance.spec.js:53:5 › File Loading Performance › should load small ZIP file (17MB) within threshold (9.5s)
📦 Testing with file: dumpState_G996BXXSBGXDH_202406120637.zip (30.89 MB)
✅ File loaded in 13700ms (threshold: 60000ms)
📊 Rendered 76 log lines
  ✓  2 [chromium] › tests/integration/performance.spec.js:89:5 › File Loading Performance › should load medium ZIP file (31MB) within threshold (15.0s)
📦 Testing with file: dumpState_S918BXXS8DYG5_202509231248.zip (29.20 MB)
✅ File loaded in 14847ms (threshold: 90000ms)
📊 Rendered 76 log lines
  ✓  3 [chromium] › tests/integration/performance.spec.js:115:5 › File Loading Performance › should load large ZIP file (30MB) within threshold (15.9s)
🎨 Initial render shows 76 log lines
  ✓  4 [chromium] › tests/integration/performance.spec.js:156:5 › Rendering Performance › should render initial view quickly after file load (8.4s)
📜 Scroll operations completed in 421ms
  ✓  5 [chromium] › tests/integration/performance.spec.js:170:5 › Rendering Performance › should scroll smoothly through large log files (9.1s)
  ✘  6 [chromium] › tests/integration/performance.spec.js:219:5 › Quick Smoke Tests › should filter by log level (39.4s)
🔄 Tab switch: 626ms
  ✓  7 [chromium] › tests/integration/performance.spec.js:237:5 › Quick Smoke Tests › should switch tabs quickly (10.2s)
🔎 Keyword search: 1105ms
  ✓  8 [chromium] › tests/integration/performance.spec.js:254:5 › Quick Smoke Tests › should search by keyword (9.7s)


  1) [chromium] › tests/integration/performance.spec.js:219:5 › Quick Smoke Tests › should filter by log level 

    TimeoutError: page.click: Timeout 30000ms exceeded.
    Call log:
    [2m  - waiting for locator('[data-level="E"]')[22m
    [2m    - locator resolved to <button data-level="E" class="filter-icon active">Error</button>[22m
    [2m  - attempting click action[22m
    [2m    2 × waiting for element to be visible, enabled and stable[22m
    [2m      - element is visible, enabled and stable[22m
    [2m      - scrolling into view if needed[22m
    [2m      - done scrolling[22m
    [2m      - element is outside of the viewport[22m
    [2m    - retrying click action[22m
    [2m    - waiting 20ms[22m
    [2m    2 × waiting for element to be visible, enabled and stable[22m
    [2m      - element is visible, enabled and stable[22m
    [2m      - scrolling into view if needed[22m
    [2m      - done scrolling[22m
    [2m      - element is outside of the viewport[22m
    [2m    - retrying click action[22m
    [2m      - waiting 100ms[22m
    [2m    58 × waiting for element to be visible, enabled and stable[22m
    [2m       - element is visible, enabled and stable[22m
    [2m       - scrolling into view if needed[22m
    [2m       - done scrolling[22m
    [2m       - element is outside of the viewport[22m
    [2m     - retrying click action[22m
    [2m       - waiting 500ms[22m

        at /home/rk/Documents/Android_log_parser (copy)/tests/integration/performance.spec.js:228:20)
        at /home/rk/Documents/Android_log_parser (copy)/node_modules/playwright/lib/worker/workerMain.js:322:15)
        at /home/rk/Documents/Android_log_parser (copy)/node_modules/playwright/lib/worker/testInfo.js:311:17)
        at /home/rk/Documents/Android_log_parser (copy)/node_modules/playwright/lib/worker/workerMain.js:320:22)

    attachment #1: screenshot (image/png) ──────────────────────────────────────────────────────────
    test-results/integration-artifacts/performance-Quick-Smoke-Tests-should-filter-by-log-level-chromium/test-failed-1.png
    ────────────────────────────────────────────────────────────────────────────────────────────────

    attachment #2: video (video/webm) ──────────────────────────────────────────────────────────────
    test-results/integration-artifacts/performance-Quick-Smoke-Tests-should-filter-by-log-level-chromium/video.webm
    ────────────────────────────────────────────────────────────────────────────────────────────────

    Error Context: test-results/integration-artifacts/performance-Quick-Smoke-Tests-should-filter-by-log-level-chromium/error-context.md

  1 failed
    [chromium] › tests/integration/performance.spec.js:219:5 › Quick Smoke Tests › should filter by log level 
  7 passed (2.0m)

To open last HTML report run:
[36m[39m
[36m  npx playwright show-report playwright-report-integration[39m
[36m[39m
